// Jest Snapshot v1, https://goo.gl/fbAQLP

exports[`extension check snapshot 1`] = `
<div>
  Loading...
</div>
`;

exports[`extension check snapshot loaded 1`] = `
<div>
  Loading...
</div>
`;
